c:\users\hamid\downloads\graphics programming\week 2 (skyboxes)\lab starter week 1\lab1\debug\vc145.pdb
c:\users\hamid\downloads\graphics programming\week 2 (skyboxes)\lab starter week 1\lab1\debug\vc145.idb
c:\users\hamid\downloads\graphics programming\week 2 (skyboxes)\lab starter week 1\lab1\debug\texture.obj
c:\users\hamid\downloads\graphics programming\week 2 (skyboxes)\lab starter week 1\lab1\debug\shader.obj
c:\users\hamid\downloads\graphics programming\week 2 (skyboxes)\lab starter week 1\lab1\debug\obj_loader.obj
c:\users\hamid\downloads\graphics programming\week 2 (skyboxes)\lab starter week 1\lab1\debug\mesh.obj
c:\users\hamid\downloads\graphics programming\week 2 (skyboxes)\lab starter week 1\lab1\debug\maingame.obj
c:\users\hamid\downloads\graphics programming\week 2 (skyboxes)\lab starter week 1\lab1\debug\main.obj
c:\users\hamid\downloads\graphics programming\week 2 (skyboxes)\lab starter week 1\lab1\debug\display.obj
c:\users\hamid\downloads\graphics programming\week 2 (skyboxes)\lab starter week 1\lab1\debug\stb_image.obj
c:\users\hamid\downloads\graphics programming\week 2 (skyboxes)\lab starter week 1\debug\lab1.exe
c:\users\hamid\downloads\graphics programming\week 2 (skyboxes)\lab starter week 1\debug\lab1.pdb
c:\users\hamid\downloads\graphics programming\week 2 (skyboxes)\lab starter week 1\lab1\debug\lab1.ilk
c:\users\hamid\downloads\graphics programming\week 2 (skyboxes)\lab starter week 1\lab1\debug\lab1.tlog\cl.command.1.tlog
c:\users\hamid\downloads\graphics programming\week 2 (skyboxes)\lab starter week 1\lab1\debug\lab1.tlog\cl.items.tlog
c:\users\hamid\downloads\graphics programming\week 2 (skyboxes)\lab starter week 1\lab1\debug\lab1.tlog\cl.read.1.tlog
c:\users\hamid\downloads\graphics programming\week 2 (skyboxes)\lab starter week 1\lab1\debug\lab1.tlog\cl.write.1.tlog
c:\users\hamid\downloads\graphics programming\week 2 (skyboxes)\lab starter week 1\lab1\debug\lab1.tlog\link.command.1.tlog
c:\users\hamid\downloads\graphics programming\week 2 (skyboxes)\lab starter week 1\lab1\debug\lab1.tlog\link.read.1.tlog
c:\users\hamid\downloads\graphics programming\week 2 (skyboxes)\lab starter week 1\lab1\debug\lab1.tlog\link.secondary.1.tlog
c:\users\hamid\downloads\graphics programming\week 2 (skyboxes)\lab starter week 1\lab1\debug\lab1.tlog\link.write.1.tlog
