d:\gcu undergrad\personal-repo\lab2\debug\vc145.pdb
d:\gcu undergrad\personal-repo\lab2\debug\vc145.idb
d:\gcu undergrad\personal-repo\lab2\debug\texture.obj
d:\gcu undergrad\personal-repo\lab2\debug\skybox.obj
d:\gcu undergrad\personal-repo\lab2\debug\shader.obj
d:\gcu undergrad\personal-repo\lab2\debug\obj_loader.obj
d:\gcu undergrad\personal-repo\lab2\debug\mesh.obj
d:\gcu undergrad\personal-repo\lab2\debug\maingame.obj
d:\gcu undergrad\personal-repo\lab2\debug\main.obj
d:\gcu undergrad\personal-repo\lab2\debug\display.obj
d:\gcu undergrad\personal-repo\lab2\debug\stb_image.obj
d:\gcu undergrad\personal-repo\debug\lab2.exe
d:\gcu undergrad\personal-repo\debug\lab2.pdb
d:\gcu undergrad\personal-repo\lab2\debug\lab2.ilk
d:\gcu undergrad\personal-repo\lab2\debug\lab1.ilk
d:\gcu undergrad\personal-repo\lab2\debug\lab2.tlog\cl.command.1.tlog
d:\gcu undergrad\personal-repo\lab2\debug\lab2.tlog\cl.items.tlog
d:\gcu undergrad\personal-repo\lab2\debug\lab2.tlog\cl.read.1.tlog
d:\gcu undergrad\personal-repo\lab2\debug\lab2.tlog\cl.write.1.tlog
d:\gcu undergrad\personal-repo\lab2\debug\lab2.tlog\link.command.1.tlog
d:\gcu undergrad\personal-repo\lab2\debug\lab2.tlog\link.read.1.tlog
d:\gcu undergrad\personal-repo\lab2\debug\lab2.tlog\link.secondary.1.tlog
d:\gcu undergrad\personal-repo\lab2\debug\lab2.tlog\link.write.1.tlog
